#### A masked pattern was here ####
Query returned non-zero code: 1, cause: Cannot modify _hive.tmp_table_space at runtime. It is in the listof parameters that can't be modified at runtime
